I'm sorry, but errors were detected in your script. Please correct the
errors listed below, and try again.


File "game/script.rpy", line 166: Line is indented, but the preceding say statement statement does not expect a block. Please check this line's indentation. You may have forgotten a colon (:).
    menu:
    ^

File "game/script.rpy", line 233: Line is indented, but the preceding say statement statement does not expect a block. Please check this line's indentation. You may have forgotten a colon (:).
    menu:
    ^

Ren'Py Version: Ren'Py 8.5.2.26010301
Wed Mar 18 21:08:56 2026
